C:\materija\RA77-2013\LPRS2_projekat-master\LPRS2_projekat-master\LPRS2_projekat-master\implementation\system.ngc 1464859783
C:/materija/RA77-2013/LPRS2_projekat-master/LPRS2_projekat-master/LPRS2_projekat-master/implementation/system_my_peripheral_0_wrapper.ngc 1464859722
C:/materija/RA77-2013/LPRS2_projekat-master/LPRS2_projekat-master/LPRS2_projekat-master/implementation/system_rs232_wrapper.ngc 1464859704
C:/materija/RA77-2013/LPRS2_projekat-master/LPRS2_projekat-master/LPRS2_projekat-master/implementation/system_proc_sys_reset_0_wrapper.ngc 1464859704
C:/materija/RA77-2013/LPRS2_projekat-master/LPRS2_projekat-master/LPRS2_projekat-master/implementation/system_clock_generator_0_wrapper.ngc 1464859759
C:/materija/RA77-2013/LPRS2_projekat-master/LPRS2_projekat-master/LPRS2_projekat-master/implementation/system_vga_periph_mem_0_wrapper.ngc 1464859762
C:/materija/RA77-2013/LPRS2_projekat-master/LPRS2_projekat-master/LPRS2_projekat-master/implementation/system_rc5controller_0_wrapper.ngc 1464859754
C:/materija/RA77-2013/LPRS2_projekat-master/LPRS2_projekat-master/LPRS2_projekat-master/implementation/system_microblaze_0_ilmb_wrapper.ngc 1464859704
C:/materija/RA77-2013/LPRS2_projekat-master/LPRS2_projekat-master/LPRS2_projekat-master/implementation/system_microblaze_0_dlmb_wrapper.ngc 1464859704
C:/materija/RA77-2013/LPRS2_projekat-master/LPRS2_projekat-master/LPRS2_projekat-master/implementation/system_axi4lite_0_wrapper.ngc 1464859704
C:/materija/RA77-2013/LPRS2_projekat-master/LPRS2_projekat-master/LPRS2_projekat-master/implementation/system_microblaze_0_wrapper.ngc 1464859704
C:/materija/RA77-2013/LPRS2_projekat-master/LPRS2_projekat-master/LPRS2_projekat-master/implementation/system_axi_intc_0_wrapper.ngc 1464859747
C:/materija/RA77-2013/LPRS2_projekat-master/LPRS2_projekat-master/LPRS2_projekat-master/implementation/system_microblaze_0_i_bram_ctrl_wrapper.ngc 1464859704
C:/materija/RA77-2013/LPRS2_projekat-master/LPRS2_projekat-master/LPRS2_projekat-master/implementation/system_microblaze_0_d_bram_ctrl_wrapper.ngc 1464859704
C:/materija/RA77-2013/LPRS2_projekat-master/LPRS2_projekat-master/LPRS2_projekat-master/implementation/system_debug_module_wrapper.ngc 1464859704
C:/materija/RA77-2013/LPRS2_projekat-master/LPRS2_projekat-master/LPRS2_projekat-master/implementation/system_microblaze_0_bram_block_wrapper.ngc 1464859704
OK
